// Jest Snapshot v1, https://goo.gl/fbAQLP

exports[`Pruebas en <DeleteBtn /> Debe de hacer match con el snapshot 1`] = `
<div>
  <button
    class="btn btn-danger d-flex"
  >
    <img
      alt="delete"
      class="align-self-center justify-self-center"
      src="./delete-alt-svgrepo-com.svg"
      style="width: 20px;"
    />
  </button>
</div>
`;
